---
source: tui/src/workspace_dashboard.rs
expression: "render_dashboard_lines_at(&dashboard, width, height)"
---
┌Commands──────────────────────────────────────────────────────────────────────┐
│Search commands  :                                                            │
│Ctrl-P Commands anywhere  Enter run  Esc close  ↑/↓                           │
│                                                                              │
│Recommended now                                                               │
│> Search patients                                        :patient search [/]  │
│Open patient list                                                :patients    │
│Open patient demographics                                    :demographics    │
│Common actions                                                                │
│New note                                                     :note new [n]    │
│Save chart workspace                                        :save [Ctrl-S]    │
│Agent bridge                                                                  │
│Review Context Plan                                         :agent preview    │
│Submit Context Plan                                            :agent send    │
│Open full Codex run                                        :agent open run    │
│Open returned work review                                     :agent inbox    │
│Write agent instructions                                    :agent request    │
│… 104 more                                                                    │
│                                                                              │
└──────────────────────────────────────────────────────────────────────────────┘
