---
source: tui/src/workspace_dashboard.rs
expression: "render_dashboard_lines_at(&dashboard, width, height)"
---
Medical Workspace  Unsaved
Patient: Jordan Patient  DOB: blank  MRN: blank  Contact: Missing contact  Coverage: Missing coverage  Encounter: No
 EXPLORER                      PATIENT CHART
┌Patient Directory───────────┐┌Today's Visit───────────────────────────────────────────────────────────────────────────┐
│Local search: /             ││Patient: Jordan Patient; note: Visit note                                               │
│0 active patients; local    ││Next                                                                                    │
│only                        ││  ● Next: Save first eval                                                               │
│No saved patients yet.      ││                                                                                        │
│New patient: :patient new   ││Intake Checklist                                                                        │
│                            ││  [ ] Demographics - missing DOB or Patient ID / MRN                                    │
│                            ││  [ ] Emergency contact - missing                                                       │
│                            ││  [ ] Coverage - missing                                                                │
└────────────────────────────┘│  [ ] ID card - missing                                                                 │
┌Patient Notes───────────────┐│  [ ] Insurance card - missing                                                          │
│Patient Notes               ││  [ ] Referral - missing                                                                │
│  New note                  ││  [ ] Allergies - not recorded                                                          │
│  No patient notes yet. Use ││  [ ] Note - needs save                                                                 │
│:note new.                  ││                                                                                        │
│  Medical, communication,   ││                                                                                        │
│and admin notes appear here.││                                                                                        │
└────────────────────────────┘│                                                                                        │
┌Uploaded Documents──────────┐│                                                                                        │
│Uploaded Documents          ││                                                                                        │
│No files yet                ││                                                                                        │
│Paste/drop JPG/PDF. S...    ││                                                                                        │
│                            ││                                                                                        │
│                            ││                                                                                        │
│                            ││                                                                                        │
│                            ││                                                                                        │
│                            ││                                                                                        │
└────────────────────────────┘└────────────────────────────────────────────────────────────────────────────────────────┘
Focus: Center | Mode: Read-only chart | Next: Save first eval | Status: Unsaved changes.
