---
source: tui/src/workspace_dashboard.rs
expression: "render_dashboard_lines_at(&dashboard, width, height)"
---
Medical Workspace  SYNTHETIC DATA ONLY
Patient: Jordan Patient  DOB: blank  MRN: blank  Contact: Missing contact  Coverage: Missing coverage  Encounter: No
 EXPLORER                      PATIENT CHART
┌Patient Directory───────────┐┌Patient Demographics────────────────────────────────────────────────────────────────────┐
│Local search: /             ││Identity: Jordan Patient · preferred not set                                            │
│0 active patients; local    ││Legal/card: legal name missing                                                          │
│only                        ││DOB: missing · admin sex: missing · MRN: missing                                        │
│No saved patients yet.      ││Contact: phone missing; email missing; method not set                                   │
│New patient: :patient new   ││Address: address missing                                                                │
│                            ││Emergency: name missing; relationship missing; phone missing                            │
│                            ││Coverage: P not entered; S not entered; T not entered                                   │
│                            │└────────────────────────────────────────────────────────────────────────────────────────┘
└────────────────────────────┘┌Note Title──────────────────────────────────────────────────────────────────────────────┐
┌Patient Notes───────────────┐│Visit note                                                                              │
│Patient Notes               │└────────────────────────────────────────────────────────────────────────────────────────┘
│  Medical Notes             │┌Note Body───────────────────────────────────────────────────────────────────────────────┐
│> daily  1970-01-01  Visit  ││Assessment: improving gait tolerance.                                                   │
│note [draft]                ││Plan: continue current program.                                                         │
│                            ││                                                                                        │
│                            ││                                                                                        │
└────────────────────────────┘│                                                                                        │
┌Uploaded Documents──────────┐│                                                                                        │
│Uploaded Documents          ││                                                                                        │
│No files yet                │└────────────────────────────────────────────────────────────────────────────────────────┘
│Paste/drop JPG/PDF. S...    │┌Agent Recommendation────────────────────────────────────────────────────────────────────┐
│                            ││Pending Proposal Changeset                                                              │
│                            ││Review state: READY · proposal base matches saved canonical r3                          │
│                            ││  Guard: proposal base r3 · saved canonical r3                                          │
│                            ││  Proposed: Assessment: gait tolerance improved with cueing. Plan: progress w...        │
│                            ││  ● Tab to Agent Work for full text · :proposal accept | :proposal decline              │
└────────────────────────────┘└────────────────────────────────────────────────────────────────────────────────────────┘
Focus: Center | Mode: Read-only chart | Keys: ↑/↓ scroll  PgUp/PgDn page  Tab/⇧Tab pane  Ctrl-P commands
