---
source: tui/src/workspace_dashboard.rs
expression: "render_dashboard_lines_at(&dashboard, width, height)"
---
Medical Workspace
Patient: Jordan Patient  DOB: blank  MRN: blank  Contact: Missing contact  Coverage: Missing coverage  Encounter: No encounter
 EXPLORER                          PATIENT CHART                                                                   AGENT WORK
┌Patient Directory───────────────┐┌Patient Demographics──────────────────────────────────────────────────────────┐┌Agent Work──────────────────────────────────┐
│Local search: /                 ││Display: Jordan Patient                                                       ││Patient Chart: Jordan...; Accept proposal   │
│0 active patients; local only   ││Preferred:                                                                    ││[Pending]  History  Audit  ←/→              │
│No saved patients yet.          ││DOB:                                                                          ││                                            │
│New patient: :patient new       ││Sex/Gender:                                                                   ││Pending Proposal Changeset                  │
│                                ││Patient ID / MRN:                                                             ││Review state: READY · proposal base matches │
│                                ││Chart start: 2026-01-01                                                       ││current r3                                  │
│                                ││Chart end: 2026-06-09                                                         ││  Change: replace note note-1 body          │
│                                ││Summary:                                                                      ││  Guard: expected canonical note r3         │
│                                │└──────────────────────────────────────────────────────────────────────────────┘│  Patient: identity only; demographics      │
│                                │┌Note Title────────────────────────────────────────────────────────────────────┐│untouched                                   │
└────────────────────────────────┘│Visit note                                                                    ││  Provenance: thread thread-1 · turn turn-1 │
┌Patient Notes───────────────────┐└──────────────────────────────────────────────────────────────────────────────┘│  Reason: tighten wording                   │
│Patient Notes                   │┌Note Body─────────────────────────────────────────────────────────────────────┐│                                            │
│  New note                      ││Assessment: improving gait tolerance.                                         ││  Full proposed replacement:                │
│  No patient notes yet. Use     ││Plan: continue current program.                                               ││    + Assessment: gait tolerance improved   │
│:note new.                      ││                                                                              ││with cueing.                                │
│  Medical, communication, and   ││                                                                              ││    + Plan: progress walking intervals next │
│admin notes appear here.        ││                                                                              ││visit.                                      │
│                                ││                                                                              ││                                            │
│                                ││                                                                              ││  Current canonical note:                   │
└────────────────────────────────┘│                                                                              ││    - Assessment: improving gait tolerance. │
┌Uploaded Documents──────────────┐│                                                                              ││    - Plan: continue current program.       │
│Uploaded Documents              ││                                                                              ││                                            │
│No files yet                    ││                                                                              ││  ● :proposal accept | :proposal decline    │
│Paste/drop JPG/PDF. Space...    ││                                                                              ││  Acceptance is explicit; no agent output   │
│                                ││                                                                              ││auto-applies.                               │
│                                ││                                                                              ││                                            │
│                                ││                                                                              ││                                            │
│                                ││                                                                              ││                                            │
│                                ││                                                                              ││                                            │
│                                ││                                                                              ││                                            │
│                                ││                                                                              ││                                            │
│                                ││                                                                              ││                                            │
│                                ││                                                                              ││                                            │
└────────────────────────────────┘└──────────────────────────────────────────────────────────────────────────────┘└────────────────────────────────────────────┘
Focus: Center | Mode: Read-only chart | Keys: ↑/↓ scroll  PgUp/PgDn page  Tab/⇧Tab pane | Next: Accept proposal | Status: Reviewing returned-work proposal.
