---
source: tui/src/workspace_dashboard.rs
expression: "render_dashboard_lines_at(&dashboard, width, height)"
---
Medical Workspace  Unsaved
Zones: Explorer > [Patient Chart] > Agent Work  Focus: Center
┌Today's Visit─────────────────────────────────────────────────────────────────┐
│Patient: Jordan Patient; note: Visit note                                     │
│Next                                                                          │
│  ● Next: Save first eval                                                     │
│                                                                              │
│Intake Checklist                                                              │
│  [ ] Demographics - missing DOB or Patient ID / MRN                          │
│  [ ] Emergency contact - missing                                             │
│  [ ] Coverage - missing                                                      │
│  [ ] ID card - missing                                                       │
│  [ ] Insurance card - missing                                                │
│  [ ] Referral - missing                                                      │
│  [ ] Allergies - not recorded                                                │
│  [ ] Note - needs save                                                       │
│                                                                              │
│                                                                              │
└──────────────────────────────────────────────────────────────────────────────┘
Focus: Center | Keys: ↑/↓ section  PgUp/PgDn scroll  Tab/⇧Tab pane
