---
source: tui/src/workspace_dashboard.rs
expression: "render_dashboard_lines_at(&dashboard, width, height)"
---
Medical Workspace  /workspace-medical  SYNTHETIC DATA ONLY
Patient: Jordan Patient  DOB: blank  MRN: blank  Contact: Missing contact  Coverage: Missing
 EXPLORER                      PATIENT CHART
┌Patient Directory───────────┐┌Patient Demographics────────────────────────────────────────────────┐
│Local search: /             ││Identity: Jordan Patient · preferred not set                        │
│0 active patients; local    ││Legal/card: legal name missing                                      │
│only     ┌Commands──────────────────────────────────────────────────────────────────────┐         │
│No saved │Search commands  :                                                            │         │
│New patie│Ctrl-P Commands anywhere  Enter run  Esc close  ↑/↓                           │         │
│         │                                                                              │g        │
│         │Recommended now                                                               │         │
└─────────│> Search patients                                        :patient search [/]  │─────────┘
┌Patient N│Open patient list                                                :patients    │─────────┐
│Patient N│Open patient demographics                                    :demographics    │         │
│  Visit n│Common actions                                                                │─────────┘
│  Working│New note                                                     :note new [n]    │─────────┐
│saves it │Save chart workspace                                        :save [Ctrl-S]    │         │
└─────────│Agent bridge                                                                  │         │
┌Uploaded │Review Context Plan                                         :agent preview    │         │
│Uploaded │… 108 more                                                                    │─────────┘
│No files │                                                                              │─────────┐
│Paste/dro└──────────────────────────────────────────────────────────────────────────────┘         │
│                            ││Next                                                                │
│                            ││  ● Next: Save first eval                                           │
│                            ││                                                                    │
│                            ││Intake Checklist                                                    │
└────────────────────────────┘└────────────────────────────────────────────────────────────────────┘
Mode: Commands | Keys: ↑/↓ command  Enter run  Esc close | :
