---
source: tui/src/workspace_dashboard.rs
expression: "render_dashboard_lines_at(&dashboard, width, height)"
---
Medical Workspace
Patient: Jordan Patient  DOB: blank  MRN: blank  Contact: Missing contact  Coverage: Missing coverage  Encounter: No encounter
 EXPLORER                          PATIENT CHART                                                                   AGENT WORK
┌Patient Directory───────────────┐┌Patient Demographics──────────────────────────────────────────────────────────┐┌Agent Work──────────────────────────────────┐
│Local search: /                 ││Display: Jordan Patient                                                       ││Patient Chart: Jordan...; Save first eval   │
│0 active patients; local only   ││Preferred:                                                                    ││[Pending]  History  Audit  ←/→              │
│No saved patients yet.          ││DOB:                                                                          ││                                            │
│New patient: :patient new       ││Sex/Gender:                                                                   ││Mode: > Input |   Packet |   Returned       │
│               ┌Commands──────────────────────────────────────────────────────────────────────────────────────────────────────────────────────┐afted          │
│               │Search commands  :                                                                                                            │ | 0 clips     │
│               │Ctrl-P Commands anywhere  Enter run  Esc close  ↑/↓                                                                           │               │
│               │                                                                                                                              │               │
│               │Recommended now                                                                                                               │               │
│               │> Search patients                                                                                        :patient search [/]  │hen Ctrl-G     │
└───────────────│Open patient list                                                                                                :patients    │auto-apply.    │
┌Patient Notes──│Open patient demographics                                                                                    :demographics    │               │
│Patient Notes  │Common actions                                                                                                                │               │
│  Visit note [u│New note                                                                                                     :note new [n]    │               │
│  Working draft│Save chart workspace                                                                                        :save [Ctrl-S]    │               │
│to the chart.  │Agent bridge                                                                                                                  │               │
│  Medical, comm│Review Packet                                                                                               :agent preview    │               │
│admin notes app│Submit Medical Agent Plan                                                                                      :agent send    │               │
│               │Open returned work review                                                                                     :agent inbox    │               │
│               │Write agent instructions                                                                                    :agent request    │               │
└───────────────│Open last scope                                                                                            :scope last off    │               │
┌Uploaded Docume│Navigation                                                                                                                    │               │
│Uploaded Docume│Show workspace actions                                                                                        :actions [?]    │               │
│No files yet   │Focus note title                                                                                         :focus note title    │               │
│Paste/drop JPG/│Focus note body                                                                                           :focus note body    │               │
│               │… 96 more                                                                                                                     │               │
│               │                                                                                                                              │               │
│               └──────────────────────────────────────────────────────────────────────────────────────────────────────────────────────────────┘               │
│                                ││                                                                              ││                                            │
│                                ││                                                                              ││                                            │
│                                ││                                                                              ││                                            │
│                                ││                                                                              ││                                            │
│                                ││                                                                              ││                                            │
│                                ││                                                                              ││                                            │
└────────────────────────────────┘└──────────────────────────────────────────────────────────────────────────────┘└────────────────────────────────────────────┘
Mode: Commands | Keys: ↑/↓ command  Enter run  Esc close | :
