---
source: tui/src/workspace_dashboard.rs
expression: "render_dashboard_lines_at(&dashboard, width, height)"
---
Medical Workspace  SYNTHETIC DATA ONLY
Patient: Jordan Patient  DOB: blank  MRN: blank  Contact: Missing contact  Coverage: Missing coverage  Encounter: No encounter
 EXPLORER                          PATIENT CHART                                                                   AGENT WORK
┌Patient Directory───────────────┐┌Patient Demographics──────────────────────────────────────────────────────────┐┌Agent Work──────────────────────────────────┐
│Local search: /                 ││Identity: Jordan Patient · preferred not set                                  ││Patient Chart: Jordan...; Accept proposal   │
│0 active patients; local only   ││Legal/card: legal name missing                                                ││[Pending]  History  Audit  ←/→              │
│No saved patients yet.          ││DOB: missing · admin sex: missing · MRN: missing                              ││                                            │
│New patient: :patient new       ││Contact: phone missing; email missing; method not set                         ││Pending Proposal Changeset                  │
│                                ││Address: address missing                                                      ││Review state: READY · proposal base matches │
│                                ││Emergency: name missing; relationship missing; phone missing                  ││saved canonical r3                          │
│                                ││Coverage: P not entered; S not entered; T not entered                         ││  Change: replace note note-1 body          │
│                                ││Enter edits all identity/contact fields · Ctrl-P opens actions                ││  Guard: proposal base r3 · saved canonical │
│                                │└──────────────────────────────────────────────────────────────────────────────┘│r3                                          │
│                                │┌Note Title────────────────────────────────────────────────────────────────────┐│  Patient: identity only; demographics      │
└────────────────────────────────┘│Visit note                                                                    ││untouched                                   │
┌Patient Notes───────────────────┐└──────────────────────────────────────────────────────────────────────────────┘│  Provenance: thread thread-1 · turn turn-1 │
│Patient Notes                   │┌Note Body─────────────────────────────────────────────────────────────────────┐│  Reason: tighten wording                   │
│  Medical Notes                 ││Assessment: improving gait tolerance.                                         ││                                            │
│> daily  1970-01-01  Visit note ││Plan: continue current program.                                               ││  Full proposed replacement:                │
│[draft]                         ││                                                                              ││    + Assessment: gait tolerance improved   │
│                                ││                                                                              ││with cueing.                                │
│                                ││                                                                              ││    + Plan: progress walking intervals next │
│                                ││                                                                              ││visit.                                      │
│                                ││                                                                              ││                                            │
└────────────────────────────────┘│                                                                              ││  Saved canonical note (r3):                │
┌Uploaded Documents──────────────┐│                                                                              ││    - Assessment: improving gait tolerance. │
│Uploaded Documents              ││                                                                              ││    - Plan: continue current program.       │
│No files yet                    ││                                                                              ││                                            │
│Paste/drop JPG/PDF. Space...    ││                                                                              ││  ● :proposal accept | :proposal decline    │
│                                ││                                                                              ││  Acceptance is explicit; no agent output   │
│                                ││                                                                              ││auto-applies.                               │
│                                ││                                                                              ││                                            │
│                                ││                                                                              ││                                            │
│                                ││                                                                              ││                                            │
│                                ││                                                                              ││                                            │
│                                ││                                                                              ││                                            │
│                                ││                                                                              ││                                            │
│                                ││                                                                              ││                                            │
└────────────────────────────────┘└──────────────────────────────────────────────────────────────────────────────┘└────────────────────────────────────────────┘
Focus: Center | Mode: Read-only chart | Keys: ↑/↓ scroll  PgUp/PgDn page  Tab/⇧Tab pane  Ctrl-P commands | Next: Accept proposal
