---
source: tui/src/workspace_dashboard.rs
expression: "render_dashboard_lines_at(&dashboard, width, height)"
---
Medical Workspace  /workspace-medical  SYNTHETIC DATA ONLY
Patient: Jordan Patient  DOB: blank  MRN: blank  Contact: Missing contact  Coverage: Missing coverage  Encounter: No encounter
 EXPLORER                          PATIENT CHART                                                                   PLAN WITH CODEX
┌Patient Directory───────────────┐┌Patient Demographics──────────────────────────────────────────────────────────┐┌Plan with Codex─────────────────────────────┐
│Local search: /                 ││Identity: Jordan Patient · preferred not set                                  ││[Chat]  Context  Audit  ←/→ tabs            │
│0 active patients; local only   ││Legal/card: legal name missing                                                ││                                            │
│No saved patients yet.          ││DOB: missing · admin sex: missing · MRN: missing                              ││Pending Proposal Changeset                  │
│New patient: :patient new       ││Contact: phone missing; email missing; method not set                         ││Review state: READY · proposal base matches │
│                                ││Address: address missing                                                      ││saved canonical r3                          │
│                                ││Emergency: name missing; relationship missing; phone missing                  ││  Change: replace note note-1 body          │
│                                ││Coverage: P not entered; S not entered; T not entered                         ││  Guard: proposal base r3 · saved canonical │
│                                ││Enter edits all identity/contact fields · Ctrl-P opens actions                ││r3                                          │
│                                │└──────────────────────────────────────────────────────────────────────────────┘│  Patient: identity only; demographics      │
│                                │┌Note Title────────────────────────────────────────────────────────────────────┐│untouched                                   │
└────────────────────────────────┘│Visit note                                                                    ││  Provenance: thread thread-1 · turn turn-1 │
┌Patient Notes───────────────────┐└──────────────────────────────────────────────────────────────────────────────┘│  Reason: tighten wording                   │
│Patient Notes                   │┌Note Body─────────────────────────────────────────────────────────────────────┐│                                            │
│  Medical Notes                 ││Assessment: improving gait tolerance.                                         ││  Full proposed replacement:                │
│> daily  1970-01-01  Visit note ││Plan: continue current program.                                               ││    + Assessment: gait tolerance improved   │
│[draft]                         ││                                                                              ││with cueing.                                │
│                                ││                                                                              ││    + Plan: progress walking intervals next │
│                                ││                                                                              ││visit.                                      │
│                                ││                                                                              ││                                            │
│                                ││                                                                              ││  Saved canonical note (r3):                │
└────────────────────────────────┘│                                                                              ││    - Assessment: improving gait tolerance. │
┌Uploaded Documents──────────────┐│                                                                              ││    - Plan: continue current program.       │
│Uploaded Documents              ││                                                                              ││                                            │
│No files yet                    ││                                                                              ││  ● :proposal accept | :proposal decline    │
│Paste/drop JPG/PDF. Space...    ││                                                                              ││  Acceptance is explicit; no agent output   │
│                                ││                                                                              ││auto-applies.                               │
│                                ││                                                                              ││                                            │
│                                ││                                                                              ││                                            │
│                                ││                                                                              ││                                            │
│                                ││                                                                              ││Message Codex                               │
│                                ││                                                                              ││Enter send · Shift-Enter line · Esc leave   │
│                                ││                                                                              ││  Ask about the patient picture, this note, │
│                                ││                                                                              ││  or context readiness.                     │
│                                ││                                                                              ││                                            │
└────────────────────────────────┘└──────────────────────────────────────────────────────────────────────────────┘└────────────────────────────────────────────┘
Focus: Center | Mode: Read-only chart | Keys: ↑/↓ scroll  PgUp/PgDn page  Tab/⇧Tab pane  Ctrl-P commands | Next: Accept proposal
