---
source: tui/src/workspace_dashboard.rs
expression: "render_dashboard_lines_at(&dashboard, width, height)"
---
Medical Workspace  Unsaved
Patient: Jordan Patient  DOB: blank  MRN: blank  Contact: Missing contact  Coverage: Missing coverage  Encounter: No encounter
 EXPLORER                          PATIENT CHART                                                                   AGENT WORK
┌Patient Directory───────────────┐┌Today's Visit─────────────────────────────────────────────────────────────────┐┌Agent Work──────────────────────────────────┐
│Local search: /                 ││Patient: Jordan Patient; note: Visit note                                     ││Patient Chart: File Reference Draft;        │
│0 active patients; local only   ││Next                                                                          ││Jordan...; Save first eval                  │
│No saved patients yet.          ││  ● Next: Save first eval                                                     ││[Pending]  History  Audit  ←/→              │
│New patient: :patient new       ││                                                                              ││                                            │
│                                ││Intake Checklist                                                              ││Mode: > Input |   Packet |   Returned       │
│                                ││  [ ] Demographics - missing DOB or Patient ID / MRN                          ││  ● draft: No instructions drafted          │
│                                ││  [ ] Emergency contact - missing                                             ││  ● context: 0 files | 0 text | 0 clips     │
│                                ││  [ ] Coverage - missing                                                      ││  ● plan: not sent                          │
│                                ││  [ ] ID card - missing                                                       ││  ● returned: none                          │
│                                ││  [ ] Insurance card - missing                                                ││                                            │
└────────────────────────────────┘│  [ ] Referral - missing                                                      ││  ● review: :agent preview, then Ctrl-G     │
┌Patient Notes───────────────────┐│  [ ] Allergies - not recorded                                                ││  No upload/OCR/payer action/auto-apply.    │
│Patient Notes                   ││  [ ] Note - needs save                                                       ││                                            │
│  Visit note [unsaved]          ││                                                                              ││                                            │
│  Working draft; Ctrl-S saves it││                                                                              ││                                            │
│to the chart.                   ││                                                                              ││                                            │
│  Medical, communication, and   ││                                                                              ││                                            │
│admin notes appear here.        ││                                                                              ││                                            │
│                                ││                                                                              ││                                            │
│                                ││                                                                              ││                                            │
└────────────────────────────────┘│                                                                              ││                                            │
┌Uploaded Documents──────────────┐│                                                                              ││                                            │
│Uploaded Documents              ││                                                                              ││                                            │
│No files yet                    ││                                                                              ││                                            │
│Paste/drop JPG/PDF. Space...    ││                                                                              ││                                            │
│                                ││                                                                              ││                                            │
│                                ││                                                                              ││                                            │
│                                ││                                                                              ││                                            │
│                                ││                                                                              ││                                            │
│                                ││                                                                              ││                                            │
│                                ││                                                                              ││                                            │
│                                ││                                                                              ││                                            │
│                                ││                                                                              ││                                            │
│                                ││                                                                              ││                                            │
└────────────────────────────────┘└──────────────────────────────────────────────────────────────────────────────┘└────────────────────────────────────────────┘
Focus: Center | Mode: Read-only chart | Keys: ↑/↓ section  PgUp/PgDn scroll  Tab/⇧Tab pane  Ctrl-P commands | Next: Save first eval | Status: Unsaved changes.
