---
source: tui/src/workspace_dashboard.rs
expression: "render_dashboard_lines_at(&dashboard, width, height)"
---
Medical Workspace
Patient: Jordan Patient  DOB: blank  MRN: blank  Contact: Missing contact  Coverage: Missing
 EXPLORER                      PATIENT CHART
┌Patient Directory───────────┐┌Patient Demographics────────────────────────────────────────────────┐
│Local search: /             ││Display: Jordan Patient                                             │
│0 active patients; local    ││Preferred:                                                          │
│only     ┌Commands──────────────────────────────────────────────────────────────────────┐         │
│No saved │Search commands  :proposal                                                    │         │
│New patie│Enter run   Esc close   ↑/↓ move                                              │         │
│         │                                                                              │         │
│         │> Select next proposal                                    :proposal next off  │         │
└─────────│Accept proposal                                       :proposal accept off    │─────────┘
┌Patient N│Decline proposal                                     :proposal decline off    │─────────┐
│Patient N│Make note proposal from returned work        :agent result to proposal off    │         │
│  New not│Jump to proposals                                      :workflow proposals    │─────────┘
│  No pati│                                                                              │─────────┐
│:note new│Disabled: No pending proposals for the active note.                           │         │
└─────────│                                                                              │         │
┌Uploaded │                                                                              │         │
│Uploaded │                                                                              │─────────┘
│No files │                                                                              │─────────┐
│Paste/dro└──────────────────────────────────────────────────────────────────────────────┘         │
│                            ││Next                                                                │
│                            ││  ● Next: Save first eval                                           │
│                            ││                                                                    │
│                            ││Intake Checklist                                                    │
└────────────────────────────┘└────────────────────────────────────────────────────────────────────┘
Mode: Commands | :proposal | Enter run | Esc close | Up/Down move
