---
source: tui/src/workspace_dashboard.rs
expression: "render_dashboard_lines_at(&dashboard, width, height)"
---
Medical Workspace
Patient: Jordan Patient  DOB: blank  MRN: blank  Contact: Missing contact  Coverage: Missing coverage  Encounter: No encounter
 EXPLORER                          PATIENT CHART                                                                   AGENT WORK
┌Patient Directory───────────────┐┌Patient Demographics──────────────────────────────────────────────────────────┐┌Agent Work──────────────────────────────────┐
│Local search: /                 ││Display: Jordan Patient                                                       ││Patient Chart: Jordan...; Save first eval   │
│0 active patients; local only   ││Preferred:                                                                    ││[Pending]  History  Audit  ←/→              │
│No saved patients yet.          ││DOB:                                                                          ││                                            │
│New patient: :patient new       ││Sex/Gender:                                                                   ││Mode: > Input |   Packet |   Returned       │
│               ┌Commands──────────────────────────────────────────────────────────────────────────────────────────────────────────────────────┐afted          │
│               │Search commands  :proposal                                                                                                    │ | 0 clips     │
│               │Enter run   Esc close   ↑/↓ move                                                                                              │               │
│               │                                                                                                                              │               │
│               │> Select next proposal                                                                                    :proposal next off  │               │
│               │Accept proposal                                                                                       :proposal accept off    │hen Ctrl-G     │
└───────────────│Decline proposal                                                                                     :proposal decline off    │auto-apply.    │
┌Patient Notes──│Make note proposal from returned work                                                        :agent result to proposal off    │               │
│Patient Notes  │Jump to proposals                                                                                      :workflow proposals    │               │
│  New note     │                                                                                                                              │               │
│  No patient no│Disabled: No pending proposals for the active note.                                                                           │               │
│:note new.     │                                                                                                                              │               │
│  Medical, comm│                                                                                                                              │               │
│admin notes app│                                                                                                                              │               │
│               │                                                                                                                              │               │
│               │                                                                                                                              │               │
└───────────────│                                                                                                                              │               │
┌Uploaded Docume│                                                                                                                              │               │
│Uploaded Docume│                                                                                                                              │               │
│No files yet   │                                                                                                                              │               │
│Paste/drop JPG/│                                                                                                                              │               │
│               │                                                                                                                              │               │
│               │                                                                                                                              │               │
│               └──────────────────────────────────────────────────────────────────────────────────────────────────────────────────────────────┘               │
│                                ││                                                                              ││                                            │
│                                ││                                                                              ││                                            │
│                                ││                                                                              ││                                            │
│                                ││                                                                              ││                                            │
│                                ││                                                                              ││                                            │
│                                ││                                                                              ││                                            │
└────────────────────────────────┘└──────────────────────────────────────────────────────────────────────────────┘└────────────────────────────────────────────┘
Mode: Commands | Keys: ↑/↓ command  Enter run  Esc close | :proposal
