---
source: tui/src/workspace_dashboard.rs
expression: "render_dashboard_lines_at(&dashboard, width, height)"
---
┌Commands────────────────────────────────────────┐
│Search commands  :                              │
│Ctrl-P Commands anywhere  Enter run  Esc close  │
│↑/↓                                             │
│                                                │
│Recommended now                                 │
│> Search patients          :patient search [/]  │
│Open patient list                  :patients    │
│… 110 more                                      │
└────────────────────────────────────────────────┘
