---
source: tui/src/workspace_dashboard.rs
expression: "render_dashboard_lines_at(&dashboard, width, height)"
---
Medical Workspace
Patient: Jordan Patient  DOB: blank  MRN: blank  Contact: Missing contact  Coverage: Missing coverage  Encounter: No
 EXPLORER                      PATIENT CHART
┌Patient Directory───────────┐┌Patient Demographics────────────────────────────────────────────────────────────────────┐
│Local search: /             ││Identity: Jordan Patient · preferred not set                                            │
│0 active patients; local    ││Legal/card: legal name missing                                                          │
│only       ┌Commands──────────────────────────────────────────────────────────────────────────────────────┐           │
│No saved pa│Search commands  :                                                                            │           │
│New patient│Ctrl-P Commands anywhere  Enter run  Esc close  ↑/↓                                           │           │
│           │                                                                                              │           │
│           │Recommended now                                                                               │           │
│           │> Search patients                                                        :patient search [/]  │───────────┘
└───────────│Open patient list                                                                :patients    │───────────┐
┌Patient Not│Open patient demographics                                                    :demographics    │           │
│Patient Not│Common actions                                                                                │───────────┘
│  Visit not│New note                                                                     :note new [n]    │───────────┐
│  Working d│Save chart workspace                                                        :save [Ctrl-S]    │           │
│saves it to│Agent bridge                                                                                  │           │
│  Medical, │Review Packet                                                               :agent preview    │           │
│and admin n│Submit Medical Agent Plan                                                      :agent send    │           │
└───────────│Open returned work review                                                     :agent inbox    │           │
┌Uploaded Do│Write agent instructions                                                    :agent request    │           │
│Uploaded Do│… 104 more                                                                                    │           │
│No files ye│                                                                                              │───────────┘
│Paste/drop └──────────────────────────────────────────────────────────────────────────────────────────────┘───────────┐
│                            ││Patient: Jordan Patient; note: Visit note                                               │
│                            ││Next                                                                                    │
│                            ││  ● Next: Save first eval                                                               │
│                            ││                                                                                        │
│                            ││Intake Checklist                                                                        │
└────────────────────────────┘└────────────────────────────────────────────────────────────────────────────────────────┘
Mode: Commands | Keys: ↑/↓ command  Enter run  Esc close | :
