---
source: tui/src/workspace_dashboard.rs
expression: "render_dashboard_lines_at(&dashboard, 160, 40)"
---
Medical Workspace
Patient: Jordan Patient  DOB: blank  MRN: blank  Contact: Missing contact  Coverage: Missing coverage  Encounter: No encounter
 EXPLORER                          PATIENT CHART                                                                   AGENT WORK
┌Patient Directory───────────────┐┌Patient Demographics──────────────────────────────────────────────────────────┐┌Agent Work──────────────────────────────────┐
│Local search: /                 ││Identity: Jordan Patient · preferred not set                                  ││Patient Chart: Jordan...; Save first eval   │
│1 active patient; local only    ││Legal/card: legal name missing                                                ││[Pending]  History  Audit  ←/→              │
│New: :patient new; / searches.  ││DOB: missing · admin sex: missing · MRN: missing                              ││                                            │
│> Jordan Patient  DOB blank  MRN││Contact: phone missing; email missing; method not set                         ││Pending Chart Changeset                     │
│blank  active                   ││Address: address missing                                                      ││  BLOCKED · Canonical chart refreshed, but  │
│                                ││Emergency: name missing; relationship missing; phone missing                  ││this stale non...                           │
│                                ││Coverage: P not entered; S not entered; T not entered                         ││  Changes: demographics                     │
│                                ││Enter edits all identity/contact fields · Ctrl-P opens actions                ││  Patient: demographic snapshot included    │
│                                │└──────────────────────────────────────────────────────────────────────────────┘│  Guards: 1 opaque version(s) · no note     │
│                                │┌Note Title────────────────────────────────────────────────────────────────────┐│revision guard                              │
└────────────────────────────────┘│Untitled note                                                                 ││  Reason: Save reviewed chart changes:      │
┌Patient Notes───────────────────┐└──────────────────────────────────────────────────────────────────────────────┘│demographics                                │
│Patient Notes                   │┌Note Body─────────────────────────────────────────────────────────────────────┐│  Commit key: stable-discard-key            │
│  New note                      ││HPI:                                                                          ││                                            │
│  No patient notes yet. Use     ││Exam:                                                                         ││  ● Esc/Ctrl-W discards and closes; reopen  │
│:note new.                      ││Assessment:                                                                   ││loads canonical data                        │
│  Medical, communication, and   ││Plan:                                                                         ││  Human draft stays in the center; canonical│
│admin notes appear here.        ││                                                                              ││DB changes only after commit success.       │
│                                ││                                                                              ││                                            │
│                                ││                                                                              ││                                            │
└────────────────────────────────┘│                                                                              ││                                            │
┌Uploaded Documents──────────────┐│                                                                              ││                                            │
│Uploaded Documents              ││                                                                              ││                                            │
│No files yet                    ││                                                                              ││                                            │
│Paste/drop JPG/PDF. Space...    ││                                                                              ││                                            │
│                                ││                                                                              ││                                            │
│                                ││                                                                              ││                                            │
│                                ││                                                                              ││                                            │
│                                ││                                                                              ││                                            │
│                                ││                                                                              ││                                            │
│                                ││                                                                              ││                                            │
│                                ││                                                                              ││                                            │
│                                ││                                                                              ││                                            │
│                                ││                                                                              ││                                            │
└────────────────────────────────┘└──────────────────────────────────────────────────────────────────────────────┘└────────────────────────────────────────────┘
Focus: Agent | Mode: Discard required | Keys: Esc/Ctrl-W discard and reload | Next: Discard and reopen
