---
source: tui/src/workspace_dashboard.rs
expression: "render_dashboard_lines_at(&dashboard, width, height)"
---
Medical Workspace  Unsaved
Patient: Jordan Patient  DOB: blank  MRN: blank  Contact: Missing contact  Coverage: Missing
 EXPLORER                      PATIENT CHART
┌Patient Directory───────────┐┌Today's Visit───────────────────────────────────────────────────────┐
│Local search: /             ││Patient: Jordan Patient; note: Visit note                           │
│0 active patients; local    ││Next                                                                │
│only                        ││  ● Next: Save first eval                                           │
│No saved patients yet.      ││                                                                    │
│New patient: :patient new   ││Intake Checklist                                                    │
│                            ││  [ ] Demographics - missing DOB or Patient ID / MRN                │
│                            ││  [ ] Emergency contact - missing                                   │
└────────────────────────────┘│  [ ] Coverage - missing                                            │
┌Patient Notes───────────────┐│  [ ] ID card - missing                                             │
│Patient Notes               ││  [ ] Insurance card - missing                                      │
│  New note                  ││  [ ] Referral - missing                                            │
│  No patient notes yet. Use ││  [ ] Allergies - not recorded                                      │
│:note new.                  ││  [ ] Note - needs save                                             │
└────────────────────────────┘│                                                                    │
┌Uploaded Documents──────────┐│                                                                    │
│Uploaded Documents          ││                                                                    │
│No files yet                ││                                                                    │
│Paste/drop JPG/PDF. S...    ││                                                                    │
│                            ││                                                                    │
│                            ││                                                                    │
│                            ││                                                                    │
│                            ││                                                                    │
└────────────────────────────┘└────────────────────────────────────────────────────────────────────┘
Focus: Center | Mode: Read-only chart | Next: Save first eval | Status: Unsaved changes.
