---
source: tui/src/workspace_dashboard/draft_checkpoint_tests.rs
expression: "render_dashboard(&dashboard, 120, 32)"
---
Medical Workspace
Patient: Jordan Test  DOB: 1980-01-02  MRN: MRN-TEST-1  Contact: Missing contact  Coverage: Missing coverage  Encounter:
 EXPLORER                      PATIENT CHART
┌Patient Directory───────────┐┌Patient Demographics────────────────────────────────────────────────────────────────────┐
│Local search: /             ││Display: Jordan Test                                                                    │
│1 active patient; local only││Preferred: Jordan                                                                       │
│New: :patient new; /        ││DOB: 1980-01-02                                                                         │
│searches.                   ││Sex/Gender:                                                                             │
│> Jordan Test  1980-01-02   ││Patient ID / MRN: MRN-TEST-1                                                            │
│MRN-TEST-1  active          ││Chart start:                                                                            │
│                     ┌ Restore local draft? ────────────────────────────────────────────────────┐                     │
│                     │A local workspace draft was not closed.                                   │─────────────────────┘
└─────────────────────│Checkpoint r7 · new note · idle_typing                                    │─────────────────────┐
┌Patient Notes────────│                                                                          │                     │
│Patient Notes        │R  Restore this exact local draft                                         │─────────────────────┘
│  Daily note [unsaved│D  Discard this checkpoint session                                        │─────────────────────┐
│  Working draft; Ctrl│                                                                          │                     │
│saves it to the chart│Canonical chart data is unchanged until Ctrl-S saves.                     │                     │
│  Medical, communicat│Restore is blocked if the patient or note baseline changed.               │                     │
│and admin notes appea│                                                                          │                     │
└─────────────────────└──────────────────────────────────────────────────────────────────────────┘                     │
┌Uploaded Documents──────────┐│                                                                                        │
│Uploaded Documents          ││                                                                                        │
│No files yet                │└────────────────────────────────────────────────────────────────────────────────────────┘
│Paste/drop JPG/PDF. S...    │┌Today's Visit───────────────────────────────────────────────────────────────────────────┐
│                            ││Patient: Jordan Test; note: Daily note                                                  │
│                            ││Next                                                                                    │
│                            ││  ● Next: Save first eval                                                               │
│                            ││                                                                                        │
│                            ││Intake Checklist                                                                        │
└────────────────────────────┘└────────────────────────────────────────────────────────────────────────────────────────┘
Focus: Directory | Mode: Navigate | Keys: ↑/↓ patient  Enter open  / search  Tab/⇧Tab pane  Ctrl-P commands
